// Jest Snapshot v1, https://goo.gl/fbAQLP

exports[`Create Event should render correctly in "debug" mode 1`] = `
<div>
  <h1
    style={
      Object {
        "textAlign": "center",
      }
    }
  >
    Create MeetUp
  </h1>
  <div
    className="web"
  >
    <FormWeb
      onFinish={[Function]}
      onFinishFailed={[Function]}
    />
  </div>
</div>
`;
